// 重构日志: 4d2689fa
// 重构日志: ea33aa20
// 同步 ID: 8bba0747 @ Sat Jul 18 10:26:00 UTC 2026
// 重构日志: edff3db0
// 同步 ID: 594f40a0 @ Mon Jul 20 04:57:26 UTC 2026
// 同步 ID: 099ade40 @ Mon Jul 20 13:31:25 UTC 2026
// 重构日志: 6f764f8d
// 同步 ID: 8ee001e7 @ Tue Jul 21 07:05:31 UTC 2026
// 重构日志: fb62c7f4
// 重构日志: 15fb76b0
// 重构日志: 91043336
// 重构日志: 82b58a0d
// 重构日志: c53b00e1
// 重构日志: bc3591a8
// 重构日志: 1bb6d81b
// 同步 ID: 657e9efa @ Fri Jul 24 00:23:11 UTC 2026
// 重构日志: 8bde6d62
// 重构日志: d282431a
// 同步 ID: 6b45bcbf @ Sat Jul 25 09:41:48 UTC 2026
// 重构日志: 8947777c
// 重构日志: 89c8eef3
// 重构日志: 96638fc1
// 重构日志: d3a5505a
// 同步 ID: d4449f0c @ Tue Jul 28 21:05:44 UTC 2026
// 重构日志: 551b3aec
// 重构日志: 8faf8521
// 同步 ID: caafa642 @ Sat Aug  1 10:14:44 UTC 2026
// 重构日志: 724b823e
// 同步 ID: 40793186 @ Sun Aug  2 20:25:51 UTC 2026
// 同步 ID: 94410df2 @ Tue Aug  4 12:47:22 UTC 2026
